[dotenv@17.2.3] injecting env (20) from .env.local -- tip: ≡ƒöÉ prevent building .env in docker: https://dotenvx.com/prebuild
Starting social test for ID: 9cec2661-527b-4f8d-a398-125e49e21b69
--- METADATA ---
Title: Frieren Season 2: The Journey Continues (OUT NOW)
Image: https://pytehpdxophkhuxnnqzj.supabase.co/storage/v1/object/public/blog-images/frieren-s2-now-streaming-social.png
Description: Frieren Season 2: The Journey Continues (OUT NOW)

Read more: https://kumolab-anime.vercel.app/blog/frieren-s2-now-streaming-2026-01-16

#Anime #KumoLab

[X] Posting...
npx : [twitter-api-v2] Deprecation warning: In TwitterApiv1ReadWrite.uploadMedia() call, 
you're using options.type.
At line:1 char:1
+ npx tsx scripts/test-social.ts > test-output.txt 2>&1
+ ~~~~~~~~~~~~~~~~~~~~~~~~~~~~~~~~~~~~~~~~~~~~~~~~~~~~~
    + CategoryInfo          : NotSpecified: ([twitter-api-v2...g options.type.:String) [ 
   ], RemoteException
    + FullyQualifiedErrorId : NativeCommandError
 
Remove options.type argument and migrate to options.mimeType which takes the real MIME 
type. If you're using type=longmp4, add options.longVideo alongside of 
mimeType=EUploadMimeType.Mp4.
To disable this message, import variable TwitterApiV2Settings from twitter-api-v2 and 
set TwitterApiV2Settings.deprecationWarnings to false.
[X] FAILED: Request failed with code 403

[Facebook] Posting...
[Facebook] FAILED: Malformed access token EAAbzG4wrtE4BQr3XfzSktZY66w1EyWVVv7ChYzuE1KYzll
wHKsqTWZAGK5vLZClxKGDZz96A1VJOzPjzZAABRAWZBFBc4ptYvExInd3WzhVP1EhzAJNUfnDzq0Rht5aMUYEAkIZ
COT0XrkjFYefMpBiqHqO0lpwWXhioMwOFip2aM5yZBS3GyCh5PNZAoGg5hZDWZDZD

[Instagram] Posting...
[Instagram] FAILED: Malformed access token EAAbzG4wrtE4BQr3XfzSktZY66w1EyWVVv7ChYzuE1KYzl
lwHKsqTWZAGK5vLZClxKGDZz96A1VJOzPjzZAABRAWZBFBc4ptYvExInd3WzhVP1EhzAJNUfnDzq0Rht5aMUYEAkI
ZCOT0XrkjFYefMpBiqHqO0lpwWXhioMwOFip2aM5yZBS3GyCh5PNZAoGg5hZDWZDZD
